 Less has finished and no sheets were loaded.
 字体渲染（自用脚本）INTRO.URL: https://f9y4ng.github.io/GreasyFork-Scripts/▞ 脚本版本：V2026.02.07.1▞ 个性化设置：0/100（当前设置：全局）▞ 本地备份：开　▚ 字体缩放：开 (R ≈ 1.000)▞ 渲染预览：开　▚ 等宽字体：关▞ 应用远程渲染规则：未匹配到站点规则▞ 渲染字体：苹方-简 (PingFang SC)▞ 字体平滑：开　▚ 字体重写：开▞ 字体描边：开　▚ 字体阴影：开
client:733 [vite] connecting...
client:827 [vite] connected.
game.ts:495 [WebSocket] 状态变更：connecting
game.ts:213 [WebSocket] 连接已建立
game.ts:495 [WebSocket] 状态变更：connected
game.ts:261 [WebSocket] 收到原始消息: Object
game.ts:275 [WebSocket] 找到消息处理器，type: connected handlers count: 1
Lobby.vue:83 [Lobby] WebSocket 连接已建立: Object
game.ts:261 [WebSocket] 收到原始消息: Object
game.ts:275 [WebSocket] 找到消息处理器，type: connected handlers count: 1
Lobby.vue:83 [Lobby] WebSocket 连接已建立: Object
game.ts:261 [WebSocket] 收到原始消息: Object
game.ts:278 [WebSocket] 未找到消息处理器，type: queue_status
handleMessage @ game.ts:278
game.ts:261 [WebSocket] 收到原始消息: Object
game.ts:275 [WebSocket] 找到消息处理器，type: status handlers count: 1
Lobby.vue:110 [Lobby] 匹配状态更新: Object
game.ts:261 [WebSocket] 收到原始消息: Object
game.ts:278 [WebSocket] 未找到消息处理器，type: error
handleMessage @ game.ts:278
game.ts:261 [WebSocket] 收到原始消息: Object
game.ts:275 [WebSocket] 找到消息处理器，type: status handlers count: 1
Lobby.vue:110 [Lobby] 匹配状态更新: Object
game.ts:261 [WebSocket] 收到原始消息: Object
game.ts:275 [WebSocket] 找到消息处理器，type: status handlers count: 1
Lobby.vue:110 [Lobby] 匹配状态更新: Object
game.ts:261 [WebSocket] 收到原始消息: Object
game.ts:275 [WebSocket] 找到消息处理器，type: status handlers count: 1
Lobby.vue:110 [Lobby] 匹配状态更新: Object
game.ts:261 [WebSocket] 收到原始消息: Object
game.ts:275 [WebSocket] 找到消息处理器，type: status handlers count: 1
Lobby.vue:110 [Lobby] 匹配状态更新: Object
game.ts:261 [WebSocket] 收到原始消息: Object
game.ts:275 [WebSocket] 找到消息处理器，type: status handlers count: 1
Lobby.vue:110 [Lobby] 匹配状态更新: Object
game.ts:261 [WebSocket] 收到原始消息: Object
game.ts:275 [WebSocket] 找到消息处理器，type: status handlers count: 1
Lobby.vue:110 [Lobby] 匹配状态更新: Object
game.ts:261 [WebSocket] 收到原始消息: Object
game.ts:275 [WebSocket] 找到消息处理器，type: status handlers count: 1
Lobby.vue:110 [Lobby] 匹配状态更新: Object
game.ts:261 [WebSocket] 收到原始消息: Object
game.ts:275 [WebSocket] 找到消息处理器，type: status handlers count: 1
Lobby.vue:110 [Lobby] 匹配状态更新: Object
game.ts:261 [WebSocket] 收到原始消息: Object
game.ts:275 [WebSocket] 找到消息处理器，type: status handlers count: 1
Lobby.vue:110 [Lobby] 匹配状态更新: Object
game.ts:261 [WebSocket] 收到原始消息: Object
game.ts:275 [WebSocket] 找到消息处理器，type: status handlers count: 1
Lobby.vue:110 [Lobby] 匹配状态更新: Object
game.ts:261 [WebSocket] 收到原始消息: Object
game.ts:278 [WebSocket] 未找到消息处理器，type: ping
handleMessage @ game.ts:278
game.ts:261 [WebSocket] 收到原始消息: Object
game.ts:275 [WebSocket] 找到消息处理器，type: status handlers count: 1
Lobby.vue:110 [Lobby] 匹配状态更新: Object
game.ts:261 [WebSocket] 收到原始消息: Object
game.ts:275 [WebSocket] 找到消息处理器，type: status handlers count: 1
Lobby.vue:110 [Lobby] 匹配状态更新: Object
game.ts:261 [WebSocket] 收到原始消息: Object
game.ts:275 [WebSocket] 找到消息处理器，type: status handlers count: 1
Lobby.vue:110 [Lobby] 匹配状态更新: Object
game.ts:261 [WebSocket] 收到原始消息: Object
game.ts:265 [WebSocket] 收到 pong 响应
game.ts:261 [WebSocket] 收到原始消息: Object
game.ts:275 [WebSocket] 找到消息处理器，type: status handlers count: 1
Lobby.vue:110 [Lobby] 匹配状态更新: Object
game.ts:261 [WebSocket] 收到原始消息: Object
game.ts:275 [WebSocket] 找到消息处理器，type: status handlers count: 1
Lobby.vue:110 [Lobby] 匹配状态更新: Object
game.ts:261 [WebSocket] 收到原始消息: Object
game.ts:275 [WebSocket] 找到消息处理器，type: match_found handlers count: 1
Lobby.vue:118 [Lobby] 匹配成功: Object
element-plus.js?v=0d1b14f3:10158 ElementPlusError: [props] [API] type.text is about to be deprecated in version 3.0.0, please use link instead.
For more detail, please visit: https://element-plus.org/en-US/component/button.html#button-attributes

    at debugWarn (element-plus.js?v=0d1b14f3:10157:37)
    at watch.immediate (element-plus.js?v=0d1b14f3:17600:9)
    at callWithErrorHandling (chunk-JMZIKGQ3.js?v=0d1b14f3:2344:19)
    at callWithAsyncErrorHandling (chunk-JMZIKGQ3.js?v=0d1b14f3:2351:17)
    at baseWatchOptions.call (chunk-JMZIKGQ3.js?v=0d1b14f3:3029:47)
    at job (chunk-JMZIKGQ3.js?v=0d1b14f3:2074:18)
    at watch (chunk-JMZIKGQ3.js?v=0d1b14f3:2109:7)
    at doWatch (chunk-JMZIKGQ3.js?v=0d1b14f3:3057:23)
    at watch2 (chunk-JMZIKGQ3.js?v=0d1b14f3:2990:10)
    at useDeprecated (element-plus.js?v=0d1b14f3:17596:3)
debugWarn @ element-plus.js?v=0d1b14f3:10158
显示另外 1 个框架
收起
game.ts:495 [WebSocket] 状态变更：connecting
game.ts:213 [WebSocket] 连接已建立
game.ts:495 [WebSocket] 状态变更：connected
game.ts:261 [WebSocket] 收到原始消息: Object
game.ts:278 [WebSocket] 未找到消息处理器，type: connected
handleMessage @ game.ts:278
game.ts:261 [WebSocket] 收到原始消息: Object
game.ts:278 [WebSocket] 未找到消息处理器，type: connected
handleMessage @ game.ts:278
Chat.vue:370 [Chat] 加载了 0 条历史消息
Chat.vue:403 [Chat] 开始连接 WebSocket...
game.ts:261 [WebSocket] 收到原始消息: Object
game.ts:278 [WebSocket] 未找到消息处理器，type: chat
handleMessage @ game.ts:278
game.ts:261 [WebSocket] 收到原始消息: Object
game.ts:278 [WebSocket] 未找到消息处理器，type: typing
handleMessage @ game.ts:278
game.ts:261 [WebSocket] 收到原始消息: Object
game.ts:278 [WebSocket] 未找到消息处理器，type: typing
handleMessage @ game.ts:278
game.ts:261 [WebSocket] 收到原始消息: Object
game.ts:278 [WebSocket] 未找到消息处理器，type: chat
handleMessage @ game.ts:278
game.ts:261 [WebSocket] 收到原始消息: Object
game.ts:278 [WebSocket] 未找到消息处理器，type: ping
handleMessage @ game.ts:278
game.ts:261 [WebSocket] 收到原始消息: {type: 'pong', data: {…}}data: {timestamp: '2026-02-24T06:15:45.675205'}type: "pong"[[Prototype]]: Objectconstructor: ƒ Object()hasOwnProperty: ƒ hasOwnProperty()isPrototypeOf: ƒ isPrototypeOf()propertyIsEnumerable: ƒ propertyIsEnumerable()toLocaleString: ƒ toLocaleString()toString: ƒ toString()valueOf: ƒ valueOf()__defineGetter__: ƒ __defineGetter__()__defineSetter__: ƒ __defineSetter__()__lookupGetter__: ƒ __lookupGetter__()__lookupSetter__: ƒ __lookupSetter__()__proto__: （…）get __proto__: ƒ __proto__()set __proto__: ƒ __proto__()
game.ts:265 [WebSocket] 收到 pong 响应
game.ts:261 [WebSocket] 收到原始消息: {type: 'error', data: {…}}
game.ts:278 [WebSocket] 未找到消息处理器，type: error
handleMessage @ game.ts:278
ws.onmessage @ game.ts:231
已转到 http://localhost:5173/chat
userscript.html?name=AC-baidu-%25E9%2587%258D%25E5%25AE%259A%25E5%2590%2591%25E4%25BC%2598%25E5%258C%2596%25E7%2599%25BE%25E5%25BA%25A6%25E6%2590%259C%25E7%258B%2597%25E8%25B0%25B7%25E6%25AD%258C%25E5%25BF%2585%25E5%25BA%2594%25E6%2590%259C%25E7%25B4%25A2_favicon_%25E5%258F%258C%25E5%2588%2597.user.js&id=b4126eb3-e0d5-47e5-b82f-b7d67d0751c8:11 Less has finished and no sheets were loaded.
userscript.html?name=%25E5%25AD%2597%25E4%25BD%2593%25E6%25B8%25B2%25E6%259F%2593%25EF%25BC%2588%25E8%2587%25AA%25E7%2594%25A8%25E8%2584%259A%25E6%259C%25AC%25EF%25BC%2589.user.js&id=e3fdcc45-4159-4c5e-96dd-b84ff0052818:1626 字体渲染（自用脚本）INTRO.URL: https://f9y4ng.github.io/GreasyFork-Scripts/▞ 脚本版本：V2026.02.07.1▞ 个性化设置：0/100（当前设置：全局）▞ 本地备份：开　▚ 字体缩放：开 (R ≈ 1.000)▞ 渲染预览：开　▚ 等宽字体：关▞ 应用远程渲染规则：未匹配到站点规则▞ 渲染字体：苹方-简 (PingFang SC)▞ 字体平滑：开　▚ 字体重写：开▞ 字体描边：开　▚ 字体阴影：开
client:733 [vite] connecting...
client:827 [vite] connected.
main.ts:18 ElementPlusError: [props] [API] type.text is about to be deprecated in version 3.0.0, please use link instead.
For more detail, please visit: https://element-plus.org/en-US/component/button.html#button-attributes

    at debugWarn (element-plus.js?v=0d1b14f3:10157:37)
    at watch.immediate (element-plus.js?v=0d1b14f3:17600:9)
    at callWithErrorHandling (chunk-JMZIKGQ3.js?v=0d1b14f3:2344:19)
    at callWithAsyncErrorHandling (chunk-JMZIKGQ3.js?v=0d1b14f3:2351:17)
    at baseWatchOptions.call (chunk-JMZIKGQ3.js?v=0d1b14f3:3029:47)
    at job (chunk-JMZIKGQ3.js?v=0d1b14f3:2074:18)
    at watch (chunk-JMZIKGQ3.js?v=0d1b14f3:2109:7)
    at doWatch (chunk-JMZIKGQ3.js?v=0d1b14f3:3057:23)
    at watch2 (chunk-JMZIKGQ3.js?v=0d1b14f3:2990:10)
    at useDeprecated (element-plus.js?v=0d1b14f3:17596:3)
debugWarn @ element-plus.js?v=0d1b14f3:10158
watch.immediate @ element-plus.js?v=0d1b14f3:17600
callWithErrorHandling @ chunk-JMZIKGQ3.js?v=0d1b14f3:2344
callWithAsyncErrorHandling @ chunk-JMZIKGQ3.js?v=0d1b14f3:2351
baseWatchOptions.call @ chunk-JMZIKGQ3.js?v=0d1b14f3:3029
job @ chunk-JMZIKGQ3.js?v=0d1b14f3:2074
watch @ chunk-JMZIKGQ3.js?v=0d1b14f3:2109
doWatch @ chunk-JMZIKGQ3.js?v=0d1b14f3:3057
watch2 @ chunk-JMZIKGQ3.js?v=0d1b14f3:2990
useDeprecated @ element-plus.js?v=0d1b14f3:17596
useButton @ element-plus.js?v=0d1b14f3:17616
setup @ element-plus.js?v=0d1b14f3:18688
callWithErrorHandling @ chunk-JMZIKGQ3.js?v=0d1b14f3:2344
setupStatefulComponent @ chunk-JMZIKGQ3.js?v=0d1b14f3:10221
setupComponent @ chunk-JMZIKGQ3.js?v=0d1b14f3:10183
mountComponent @ chunk-JMZIKGQ3.js?v=0d1b14f3:8126
processComponent @ chunk-JMZIKGQ3.js?v=0d1b14f3:8092
patch @ chunk-JMZIKGQ3.js?v=0d1b14f3:7596
mountChildren @ chunk-JMZIKGQ3.js?v=0d1b14f3:7840
mountElement @ chunk-JMZIKGQ3.js?v=0d1b14f3:7763
processElement @ chunk-JMZIKGQ3.js?v=0d1b14f3:7718
patch @ chunk-JMZIKGQ3.js?v=0d1b14f3:7584
mountChildren @ chunk-JMZIKGQ3.js?v=0d1b14f3:7840
mountElement @ chunk-JMZIKGQ3.js?v=0d1b14f3:7763
processElement @ chunk-JMZIKGQ3.js?v=0d1b14f3:7718
patch @ chunk-JMZIKGQ3.js?v=0d1b14f3:7584
componentUpdateFn @ chunk-JMZIKGQ3.js?v=0d1b14f3:8237
run @ chunk-JMZIKGQ3.js?v=0d1b14f3:507
setupRenderEffect @ chunk-JMZIKGQ3.js?v=0d1b14f3:8365
mountComponent @ chunk-JMZIKGQ3.js?v=0d1b14f3:8140
processComponent @ chunk-JMZIKGQ3.js?v=0d1b14f3:8092
patch @ chunk-JMZIKGQ3.js?v=0d1b14f3:7596
mountChildren @ chunk-JMZIKGQ3.js?v=0d1b14f3:7840
mountElement @ chunk-JMZIKGQ3.js?v=0d1b14f3:7763
processElement @ chunk-JMZIKGQ3.js?v=0d1b14f3:7718
patch @ chunk-JMZIKGQ3.js?v=0d1b14f3:7584
mountChildren @ chunk-JMZIKGQ3.js?v=0d1b14f3:7840
mountElement @ chunk-JMZIKGQ3.js?v=0d1b14f3:7763
processElement @ chunk-JMZIKGQ3.js?v=0d1b14f3:7718
patch @ chunk-JMZIKGQ3.js?v=0d1b14f3:7584
mountChildren @ chunk-JMZIKGQ3.js?v=0d1b14f3:7840
mountElement @ chunk-JMZIKGQ3.js?v=0d1b14f3:7763
processElement @ chunk-JMZIKGQ3.js?v=0d1b14f3:7718
patch @ chunk-JMZIKGQ3.js?v=0d1b14f3:7584
mountChildren @ chunk-JMZIKGQ3.js?v=0d1b14f3:7840
processFragment @ chunk-JMZIKGQ3.js?v=0d1b14f3:8022
patch @ chunk-JMZIKGQ3.js?v=0d1b14f3:7570
componentUpdateFn @ chunk-JMZIKGQ3.js?v=0d1b14f3:8237
run @ chunk-JMZIKGQ3.js?v=0d1b14f3:507
setupRenderEffect @ chunk-JMZIKGQ3.js?v=0d1b14f3:8365
mountComponent @ chunk-JMZIKGQ3.js?v=0d1b14f3:8140
processComponent @ chunk-JMZIKGQ3.js?v=0d1b14f3:8092
patch @ chunk-JMZIKGQ3.js?v=0d1b14f3:7596
componentUpdateFn @ chunk-JMZIKGQ3.js?v=0d1b14f3:8317
run @ chunk-JMZIKGQ3.js?v=0d1b14f3:507
runIfDirty @ chunk-JMZIKGQ3.js?v=0d1b14f3:545
callWithErrorHandling @ chunk-JMZIKGQ3.js?v=0d1b14f3:2344
flushJobs @ chunk-JMZIKGQ3.js?v=0d1b14f3:2552
Promise.then
queueFlush @ chunk-JMZIKGQ3.js?v=0d1b14f3:2466
queuePostFlushCb @ chunk-JMZIKGQ3.js?v=0d1b14f3:2480
queueEffectWithSuspense @ chunk-JMZIKGQ3.js?v=0d1b14f3:9637
baseWatchOptions.scheduler @ chunk-JMZIKGQ3.js?v=0d1b14f3:3033
effect2.scheduler @ chunk-JMZIKGQ3.js?v=0d1b14f3:2090
trigger @ chunk-JMZIKGQ3.js?v=0d1b14f3:535
endBatch @ chunk-JMZIKGQ3.js?v=0d1b14f3:593
notify @ chunk-JMZIKGQ3.js?v=0d1b14f3:855
trigger @ chunk-JMZIKGQ3.js?v=0d1b14f3:829
set value @ chunk-JMZIKGQ3.js?v=0d1b14f3:1736
finalizeNavigation @ vue-router.js?v=0d1b14f3:2213
（匿名） @ vue-router.js?v=0d1b14f3:2151
Promise.then
pushWithRedirect @ vue-router.js?v=0d1b14f3:2138
push @ vue-router.js?v=0d1b14f3:2089
install @ vue-router.js?v=0d1b14f3:2321
use @ chunk-JMZIKGQ3.js?v=0d1b14f3:6285
（匿名） @ main.ts:18
显示另外 74 个框架
收起
game.ts:495 [WebSocket] 状态变更：connecting
Chat.vue:370 [Chat] 加载了 2 条历史消息
Chat.vue:403 [Chat] 开始连接 WebSocket...
game.ts:213 [WebSocket] 连接已建立
game.ts:495 [WebSocket] 状态变更：connected
game.ts:261 [WebSocket] 收到原始消息: {type: 'connected', data: {…}}
game.ts:278 [WebSocket] 未找到消息处理器，type: connected
handleMessage @ game.ts:278
ws.onmessage @ game.ts:231
game.ts:261 [WebSocket] 收到原始消息: {type: 'connected', data: {…}}
game.ts:278 [WebSocket] 未找到消息处理器，type: connected
handleMessage @ game.ts:278
ws.onmessage @ game.ts:231
game.ts:261 [WebSocket] 收到原始消息: {type: 'ping', data: {…}}
game.ts:278 [WebSocket] 未找到消息处理器，type: ping
handleMessage @ game.ts:278
ws.onmessage @ game.ts:231
